#
# There is insufficient memory for the Java Runtime Environment to continue.
# Native memory allocation (malloc) failed to allocate 1752096 bytes. Error detail: Chunk::new
# Possible reasons:
#   The system is out of physical RAM or swap space
#   This process is running with CompressedOops enabled, and the Java Heap may be blocking the growth of the native heap
# Possible solutions:
#   Reduce memory load on the system
#   Increase physical memory or swap space
#   Check if swap backing store is full
#   Decrease Java heap size (-Xmx/-Xms)
#   Decrease number of Java threads
#   Decrease Java thread stack sizes (-Xss)
#   Set larger code cache with -XX:ReservedCodeCacheSize=
#   JVM is running with Unscaled Compressed Oops mode in which the Java heap is
#     placed in the first 4GB address space. The Java Heap base address is the
#     maximum limit for the native heap growth. Please use -XX:HeapBaseMinAddress
#     to set the Java Heap base and to place the Java Heap above 4GB virtual address.
# This output file may be truncated or incomplete.
#
#  Out of Memory Error (arena.cpp:168), pid=58740, tid=116032
#
# JRE version: OpenJDK Runtime Environment Temurin-21.0.9+10 (21.0.9+10) (build 21.0.9+10-LTS)
# Java VM: OpenJDK 64-Bit Server VM Temurin-21.0.9+10 (21.0.9+10-LTS, mixed mode, sharing, tiered, compressed oops, compressed class ptrs, parallel gc, windows-amd64)
# No core dump will be written. Minidumps are not enabled by default on client versions of Windows
#

---------------  S U M M A R Y ------------

Command Line: --add-modules=ALL-SYSTEM --add-opens=java.base/java.util=ALL-UNNAMED --add-opens=java.base/java.lang=ALL-UNNAMED --add-opens=java.base/sun.nio.fs=ALL-UNNAMED -Declipse.application=org.eclipse.jdt.ls.core.id1 -Dosgi.bundles.defaultStartLevel=4 -Declipse.product=org.eclipse.jdt.ls.core.product -Djava.import.generatesMetadataFilesAtProjectRoot=false -DDetectVMInstallationsJob.disabled=true -Dfile.encoding=utf8 -XX:+UseParallelGC -XX:GCTimeRatio=4 -XX:AdaptiveSizePolicyWeight=90 -Dsun.zip.disableMemoryMapping=true -Xmx2G -Xms100m -Xlog:disable -javaagent:c:\dev\VSCode-win32-x64-1.107.1\data\extensions\redhat.java-1.50.0-win32-x64\lombok\lombok-1.18.39-4050.jar -XX:+HeapDumpOnOutOfMemoryError -XX:HeapDumpPath=c:\dev\VSCode-win32-x64-1.107.1\data\user-data\User\workspaceStorage\5560c89cca577fbe0db3868c59b48f2f\redhat.java -Daether.dependencyCollector.impl=bf c:\dev\VSCode-win32-x64-1.107.1\data\extensions\redhat.java-1.50.0-win32-x64\server\plugins\org.eclipse.equinox.launcher_1.7.100.v20251111-0406.jar -configuration c:\dev\VSCode-win32-x64-1.107.1\data\user-data\User\globalStorage\redhat.java\1.50.0\config_win -data c:\dev\VSCode-win32-x64-1.107.1\data\user-data\User\workspaceStorage\5560c89cca577fbe0db3868c59b48f2f\redhat.java\jdt_ws --pipe=\\.\pipe\lsp-f3d8211cf6361779dc5926a4e649d59c-sock

Host: Intel(R) Core(TM) i7-10700 CPU @ 2.90GHz, 16 cores, 15G,  Windows 11 , 64 bit Build 26100 (10.0.26100.4768)
Time: Tue Dec 30 12:07:10 2025 Hora est. Pacífico, Sudamérica elapsed time: 22.871527 seconds (0d 0h 0m 22s)

---------------  T H R E A D  ---------------

Current thread (0x0000024101fce760):  JavaThread "C2 CompilerThread0" daemon [_thread_in_native, id=116032, stack(0x0000009fe4700000,0x0000009fe4800000) (1024K)]


Current CompileTask:
C2:22871 16728   !   4       lombok.core.AST::buildWithField0 (121 bytes)

Stack: [0x0000009fe4700000,0x0000009fe4800000]
Native frames: (J=compiled Java code, j=interpreted, Vv=VM code, C=native code)
V  [jvm.dll+0x6d6e29]
V  [jvm.dll+0x8b4b76]
V  [jvm.dll+0x8b712e]
V  [jvm.dll+0x8b7813]
V  [jvm.dll+0x283d86]
V  [jvm.dll+0xc66ed]
V  [jvm.dll+0xc6c31]
V  [jvm.dll+0x3be53b]
V  [jvm.dll+0x38ab92]
V  [jvm.dll+0x389fda]
V  [jvm.dll+0x24bfa0]
V  [jvm.dll+0x24b580]
V  [jvm.dll+0x1cb13e]
V  [jvm.dll+0x25b29d]
V  [jvm.dll+0x25982a]
V  [jvm.dll+0x3f7ea6]
V  [jvm.dll+0x85e9ad]
V  [jvm.dll+0x6d565d]
C  [ucrtbase.dll+0x37b0]
C  [KERNEL32.DLL+0x2e8d7]
C  [ntdll.dll+0x3c34c]


---------------  P R O C E S S  ---------------

Threads class SMR info:
_java_thread_list=0x0000024165dfa360, length=64, elements={
0x0000024101f33590, 0x00000241189bd700, 0x00000241189be5c0, 0x0000024101fbbac0,
0x0000024101fbcad0, 0x0000024101fbf950, 0x0000024101fc82d0, 0x0000024101fce760,
0x000002415ac59300, 0x000002415ad98880, 0x000002415aead6d0, 0x000002415c77c330,
0x0000024161328ef0, 0x0000024161217740, 0x00000241612e92a0, 0x00000241612ead50,
0x000002416192cfd0, 0x000002415c9a58f0, 0x00000241617f1390, 0x0000024161bbba80,
0x0000024161a9e5d0, 0x0000024161a9df40, 0x0000024161a9ec60, 0x0000024161a9c500,
0x0000024161a9cb90, 0x0000024161a9d220, 0x0000024162eba3e0, 0x0000024162eb89a0,
0x0000024162eb9d50, 0x0000024162eb8310, 0x0000024162ebaa70, 0x0000024162eb75f0,
0x0000024162eb7c80, 0x0000024162eb9030, 0x0000024162eb96c0, 0x0000024163a454c0,
0x0000024163a46870, 0x0000024163a44e30, 0x0000024163a47590, 0x0000024163a461e0,
0x0000024163a46f00, 0x0000024163a47c20, 0x0000024163a48fd0, 0x0000024163a482b0,
0x0000024163a45b50, 0x0000024163a4a380, 0x0000024167b596c0, 0x0000024167b5b790,
0x0000024167b5b100, 0x0000024167b59d50, 0x0000024167b5be20, 0x0000024167b5cb40,
0x0000024167b5c4b0, 0x0000024167b5d1d0, 0x0000024167b5a3e0, 0x0000024167b5d860,
0x0000024167b5def0, 0x0000024167b5aa70, 0x0000024167b60650, 0x0000024167b5f2a0,
0x0000024167b5ffc0, 0x0000024163d6db80, 0x000002415c80c680, 0x000002415c7a0560
}

Java Threads: ( => current thread )
  0x0000024101f33590 JavaThread "main"                              [_thread_blocked, id=120548, stack(0x0000009fe3d00000,0x0000009fe3e00000) (1024K)]
  0x00000241189bd700 JavaThread "Reference Handler"          daemon [_thread_blocked, id=92884, stack(0x0000009fe4100000,0x0000009fe4200000) (1024K)]
  0x00000241189be5c0 JavaThread "Finalizer"                  daemon [_thread_blocked, id=54180, stack(0x0000009fe4200000,0x0000009fe4300000) (1024K)]
  0x0000024101fbbac0 JavaThread "Signal Dispatcher"          daemon [_thread_blocked, id=127028, stack(0x0000009fe4300000,0x0000009fe4400000) (1024K)]
  0x0000024101fbcad0 JavaThread "Attach Listener"            daemon [_thread_blocked, id=68100, stack(0x0000009fe4400000,0x0000009fe4500000) (1024K)]
  0x0000024101fbf950 JavaThread "Service Thread"             daemon [_thread_blocked, id=137436, stack(0x0000009fe4500000,0x0000009fe4600000) (1024K)]
  0x0000024101fc82d0 JavaThread "Monitor Deflation Thread"   daemon [_thread_blocked, id=106292, stack(0x0000009fe4600000,0x0000009fe4700000) (1024K)]
=>0x0000024101fce760 JavaThread "C2 CompilerThread0"         daemon [_thread_in_native, id=116032, stack(0x0000009fe4700000,0x0000009fe4800000) (1024K)]
  0x000002415ac59300 JavaThread "C1 CompilerThread0"         daemon [_thread_blocked, id=173208, stack(0x0000009fe4800000,0x0000009fe4900000) (1024K)]
  0x000002415ad98880 JavaThread "C1 CompilerThread1"         daemon [_thread_blocked, id=102952, stack(0x0000009fe4900000,0x0000009fe4a00000) (1024K)]
  0x000002415aead6d0 JavaThread "Common-Cleaner"             daemon [_thread_blocked, id=21532, stack(0x0000009fe4b00000,0x0000009fe4c00000) (1024K)]
  0x000002415c77c330 JavaThread "Notification Thread"        daemon [_thread_blocked, id=92268, stack(0x0000009fe4d00000,0x0000009fe4e00000) (1024K)]
  0x0000024161328ef0 JavaThread "Active Thread: Equinox Container: 7503a4e1-0674-473b-8f9c-77f2663b8202"        [_thread_blocked, id=182660, stack(0x0000009fe5700000,0x0000009fe5800000) (1024K)]
  0x0000024161217740 JavaThread "Refresh Thread: Equinox Container: 7503a4e1-0674-473b-8f9c-77f2663b8202" daemon [_thread_blocked, id=21376, stack(0x0000009fe5900000,0x0000009fe5a00000) (1024K)]
  0x00000241612e92a0 JavaThread "Framework Event Dispatcher: Equinox Container: 7503a4e1-0674-473b-8f9c-77f2663b8202" daemon [_thread_blocked, id=172784, stack(0x0000009fe5a00000,0x0000009fe5b00000) (1024K)]
  0x00000241612ead50 JavaThread "Start Level: Equinox Container: 7503a4e1-0674-473b-8f9c-77f2663b8202" daemon [_thread_blocked, id=46664, stack(0x0000009fe5b00000,0x0000009fe5c00000) (1024K)]
  0x000002416192cfd0 JavaThread "Bundle File Closer"         daemon [_thread_blocked, id=178940, stack(0x0000009fe5f00000,0x0000009fe6000000) (1024K)]
  0x000002415c9a58f0 JavaThread "SCR Component Actor"        daemon [_thread_blocked, id=69288, stack(0x0000009fe4f00000,0x0000009fe5000000) (1024K)]
  0x00000241617f1390 JavaThread "Worker-JM"                         [_thread_blocked, id=102876, stack(0x0000009fe6200000,0x0000009fe6300000) (1024K)]
  0x0000024161bbba80 JavaThread "JNA Cleaner"                daemon [_thread_blocked, id=183996, stack(0x0000009fe6300000,0x0000009fe6400000) (1024K)]
  0x0000024161a9e5d0 JavaThread "Worker-0"                          [_thread_blocked, id=28652, stack(0x0000009fe6400000,0x0000009fe6500000) (1024K)]
  0x0000024161a9df40 JavaThread "Worker-1"                          [_thread_blocked, id=171852, stack(0x0000009fe6500000,0x0000009fe6600000) (1024K)]
  0x0000024161a9ec60 JavaThread "Java indexing"              daemon [_thread_blocked, id=43376, stack(0x0000009fe6600000,0x0000009fe6700000) (1024K)]
  0x0000024161a9c500 JavaThread "Worker-2"                          [_thread_blocked, id=260996, stack(0x0000009fe6b00000,0x0000009fe6c00000) (1024K)]
  0x0000024161a9cb90 JavaThread "Worker-3"                          [_thread_blocked, id=116476, stack(0x0000009fe6c00000,0x0000009fe6d00000) (1024K)]
  0x0000024161a9d220 JavaThread "Worker-4"                          [_thread_blocked, id=15268, stack(0x0000009fe6d00000,0x0000009fe6e00000) (1024K)]
  0x0000024162eba3e0 JavaThread "Thread-1"                   daemon [_thread_in_native, id=116716, stack(0x0000009fe6e00000,0x0000009fe6f00000) (1024K)]
  0x0000024162eb89a0 JavaThread "Thread-2"                   daemon [_thread_in_native, id=102672, stack(0x0000009fe6f00000,0x0000009fe7000000) (1024K)]
  0x0000024162eb9d50 JavaThread "Thread-3"                   daemon [_thread_in_native, id=39896, stack(0x0000009fe7000000,0x0000009fe7100000) (1024K)]
  0x0000024162eb8310 JavaThread "Thread-4"                   daemon [_thread_in_native, id=185684, stack(0x0000009fe7100000,0x0000009fe7200000) (1024K)]
  0x0000024162ebaa70 JavaThread "Thread-5"                   daemon [_thread_in_native, id=174556, stack(0x0000009fe7200000,0x0000009fe7300000) (1024K)]
  0x0000024162eb75f0 JavaThread "Thread-6"                   daemon [_thread_in_native, id=46500, stack(0x0000009fe7300000,0x0000009fe7400000) (1024K)]
  0x0000024162eb7c80 JavaThread "Thread-7"                   daemon [_thread_in_native, id=173116, stack(0x0000009fe7400000,0x0000009fe7500000) (1024K)]
  0x0000024162eb9030 JavaThread "Thread-8"                   daemon [_thread_in_native, id=92440, stack(0x0000009fe7500000,0x0000009fe7600000) (1024K)]
  0x0000024162eb96c0 JavaThread "Thread-9"                   daemon [_thread_in_native, id=104808, stack(0x0000009fe7600000,0x0000009fe7700000) (1024K)]
  0x0000024163a454c0 JavaThread "Thread-10"                  daemon [_thread_in_native, id=91184, stack(0x0000009fe7700000,0x0000009fe7800000) (1024K)]
  0x0000024163a46870 JavaThread "Thread-11"                  daemon [_thread_in_native, id=472, stack(0x0000009fe7800000,0x0000009fe7900000) (1024K)]
  0x0000024163a44e30 JavaThread "Thread-12"                  daemon [_thread_in_native, id=53240, stack(0x0000009fe7900000,0x0000009fe7a00000) (1024K)]
  0x0000024163a47590 JavaThread "Thread-13"                  daemon [_thread_in_native, id=106944, stack(0x0000009fe7a00000,0x0000009fe7b00000) (1024K)]
  0x0000024163a461e0 JavaThread "Thread-14"                  daemon [_thread_in_native, id=56336, stack(0x0000009fe7b00000,0x0000009fe7c00000) (1024K)]
  0x0000024163a46f00 JavaThread "Thread-15"                  daemon [_thread_in_native, id=160636, stack(0x0000009fe7c00000,0x0000009fe7d00000) (1024K)]
  0x0000024163a47c20 JavaThread "Thread-16"                  daemon [_thread_in_native, id=189372, stack(0x0000009fe7d00000,0x0000009fe7e00000) (1024K)]
  0x0000024163a48fd0 JavaThread "Thread-17"                  daemon [_thread_in_native, id=18060, stack(0x0000009fe7e00000,0x0000009fe7f00000) (1024K)]
  0x0000024163a482b0 JavaThread "pool-2-thread-1"                   [_thread_blocked, id=178924, stack(0x0000009fe8100000,0x0000009fe8200000) (1024K)]
  0x0000024163a45b50 JavaThread "WorkspaceEventsHandler"            [_thread_blocked, id=36704, stack(0x0000009fe8400000,0x0000009fe8500000) (1024K)]
  0x0000024163a4a380 JavaThread "pool-1-thread-1"                   [_thread_blocked, id=77952, stack(0x0000009fe8500000,0x0000009fe8600000) (1024K)]
  0x0000024167b596c0 JavaThread "ForkJoinPool.commonPool-worker-1" daemon [_thread_blocked, id=12484, stack(0x0000009fe8000000,0x0000009fe8100000) (1024K)]
  0x0000024167b5b790 JavaThread "ForkJoinPool.commonPool-worker-2" daemon [_thread_blocked, id=152124, stack(0x0000009fe8600000,0x0000009fe8700000) (1024K)]
  0x0000024167b5b100 JavaThread "ForkJoinPool.commonPool-worker-3" daemon [_thread_blocked, id=150384, stack(0x0000009fe8700000,0x0000009fe8800000) (1024K)]
  0x0000024167b59d50 JavaThread "ForkJoinPool.commonPool-worker-4" daemon [_thread_blocked, id=39024, stack(0x0000009fe8800000,0x0000009fe8900000) (1024K)]
  0x0000024167b5be20 JavaThread "ForkJoinPool.commonPool-worker-5" daemon [_thread_blocked, id=169196, stack(0x0000009fe8900000,0x0000009fe8a00000) (1024K)]
  0x0000024167b5cb40 JavaThread "ForkJoinPool.commonPool-worker-6" daemon [_thread_blocked, id=149928, stack(0x0000009fe8a00000,0x0000009fe8b00000) (1024K)]
  0x0000024167b5c4b0 JavaThread "ForkJoinPool.commonPool-worker-7" daemon [_thread_blocked, id=154940, stack(0x0000009fe8b00000,0x0000009fe8c00000) (1024K)]
  0x0000024167b5d1d0 JavaThread "ForkJoinPool.commonPool-worker-8" daemon [_thread_blocked, id=42836, stack(0x0000009fe8c00000,0x0000009fe8d00000) (1024K)]
  0x0000024167b5a3e0 JavaThread "ForkJoinPool.commonPool-worker-9" daemon [_thread_in_native, id=44616, stack(0x0000009fe8d00000,0x0000009fe8e00000) (1024K)]
  0x0000024167b5d860 JavaThread "ForkJoinPool.commonPool-worker-10" daemon [_thread_blocked, id=96048, stack(0x0000009fe8e00000,0x0000009fe8f00000) (1024K)]
  0x0000024167b5def0 JavaThread "ForkJoinPool.commonPool-worker-11" daemon [_thread_blocked, id=22764, stack(0x0000009fe8f00000,0x0000009fe9000000) (1024K)]
  0x0000024167b5aa70 JavaThread "ForkJoinPool.commonPool-worker-12" daemon [_thread_blocked, id=21484, stack(0x0000009fe9000000,0x0000009fe9100000) (1024K)]
  0x0000024167b60650 JavaThread "ForkJoinPool.commonPool-worker-13" daemon [_thread_blocked, id=149000, stack(0x0000009fe9100000,0x0000009fe9200000) (1024K)]
  0x0000024167b5f2a0 JavaThread "ForkJoinPool.commonPool-worker-14" daemon [_thread_blocked, id=81992, stack(0x0000009fe9200000,0x0000009fe9300000) (1024K)]
  0x0000024167b5ffc0 JavaThread "ForkJoinPool.commonPool-worker-15" daemon [_thread_blocked, id=112372, stack(0x0000009fe9300000,0x0000009fe9400000) (1024K)]
  0x0000024163d6db80 JavaThread "C2 CompilerThread1"         daemon [_thread_in_native, id=156736, stack(0x0000009fe4a00000,0x0000009fe4b00000) (1024K)]
  0x000002415c80c680 JavaThread "Cleaner-0"                  daemon [_thread_blocked, id=178404, stack(0x0000009fe8200000,0x0000009fe8300000) (1024K)]
  0x000002415c7a0560 JavaThread "C2 CompilerThread2"         daemon [_thread_in_native, id=162096, stack(0x0000009fe4c00000,0x0000009fe4d00000) (1024K)]
Total: 64

Other Threads:
  0x00000241189a4620 VMThread "VM Thread"                           [id=180876, stack(0x0000009fe4000000,0x0000009fe4100000) (1024K)]
  0x0000024101fa2d40 WatcherThread "VM Periodic Task Thread"        [id=69268, stack(0x0000009fe3f00000,0x0000009fe4000000) (1024K)]
  0x0000024101f51e10 WorkerThread "GC Thread#0"                     [id=98464, stack(0x0000009fe3e00000,0x0000009fe3f00000) (1024K)]
  0x0000024161129e40 WorkerThread "GC Thread#1"                     [id=46252, stack(0x0000009fe5000000,0x0000009fe5100000) (1024K)]
  0x000002415cd2b7d0 WorkerThread "GC Thread#2"                     [id=16900, stack(0x0000009fe5100000,0x0000009fe5200000) (1024K)]
  0x000002415cd2bb70 WorkerThread "GC Thread#3"                     [id=87264, stack(0x0000009fe5200000,0x0000009fe5300000) (1024K)]
  0x000002415cd2c520 WorkerThread "GC Thread#4"                     [id=122912, stack(0x0000009fe5300000,0x0000009fe5400000) (1024K)]
  0x000002415cd30450 WorkerThread "GC Thread#5"                     [id=41668, stack(0x0000009fe5400000,0x0000009fe5500000) (1024K)]
  0x000002415cd31a10 WorkerThread "GC Thread#6"                     [id=37832, stack(0x0000009fe5500000,0x0000009fe5600000) (1024K)]
  0x00000241611f9b10 WorkerThread "GC Thread#7"                     [id=269084, stack(0x0000009fe5800000,0x0000009fe5900000) (1024K)]
  0x00000241611fb0d0 WorkerThread "GC Thread#8"                     [id=145600, stack(0x0000009fe5c00000,0x0000009fe5d00000) (1024K)]
  0x00000241611fa250 WorkerThread "GC Thread#9"                     [id=128320, stack(0x0000009fe5d00000,0x0000009fe5e00000) (1024K)]
  0x00000241611fa5f0 WorkerThread "GC Thread#10"                    [id=78700, stack(0x0000009fe5e00000,0x0000009fe5f00000) (1024K)]
  0x00000241611fa990 WorkerThread "GC Thread#11"                    [id=179508, stack(0x0000009fe5600000,0x0000009fe5700000) (1024K)]
  0x00000241611f9770 WorkerThread "GC Thread#12"                    [id=59064, stack(0x0000009fe6100000,0x0000009fe6200000) (1024K)]
Total: 15

Threads with active compile tasks:
C2 CompilerThread0  22903 16728   !   4       lombok.core.AST::buildWithField0 (121 bytes)
C2 CompilerThread1  22904 17417   !   4       lombok.core.FieldAugment$ReflectionFieldAugment::get (61 bytes)
C2 CompilerThread2  22904 16727       4       lombok.core.AST::buildWithField (21 bytes)
Total: 3

VM state: not at safepoint (normal execution)

VM Mutex/Monitor currently owned by a thread: None

Heap address: 0x0000000080000000, size: 2048 MB, Compressed Oops mode: 32-bit

CDS archive(s) mapped at: [0x0000024119000000-0x0000024119ba0000-0x0000024119ba0000), size 12189696, SharedBaseAddress: 0x0000024119000000, ArchiveRelocationMode: 1.
Compressed class space mapped at: 0x000002411a000000-0x000002415a000000, reserved size: 1073741824
Narrow klass base: 0x0000024119000000, Narrow klass shift: 0, Narrow klass range: 0x100000000

GC Precious Log:
 CardTable entry size: 512
 CPUs: 16 total, 16 available
 Memory: 16128M
 Large Page Support: Disabled
 NUMA Support: Disabled
 Compressed Oops: Enabled (32-bit)
 Alignments: Space 512K, Generation 512K, Heap 2M
 Heap Min Capacity: 100M
 Heap Initial Capacity: 100M
 Heap Max Capacity: 2G
 Pre-touch: Disabled
 Parallel Workers: 13

Heap:
 PSYoungGen      total 3584K, used 944K [0x00000000d5580000, 0x00000000d5a00000, 0x0000000100000000)
  eden space 3072K, 18% used [0x00000000d5580000,0x00000000d560c008,0x00000000d5880000)
  from space 512K, 75% used [0x00000000d5980000,0x00000000d59e0000,0x00000000d5a00000)
  to   space 512K, 0% used [0x00000000d5900000,0x00000000d5900000,0x00000000d5980000)
 ParOldGen       total 379904K, used 93210K [0x0000000080000000, 0x0000000097300000, 0x00000000d5580000)
  object space 379904K, 24% used [0x0000000080000000,0x0000000085b06b48,0x0000000097300000)
 Metaspace       used 78676K, committed 80640K, reserved 1179648K
  class space    used 8200K, committed 9024K, reserved 1048576K

Card table byte_map: [0x00000241018e0000,0x0000024101cf0000] _byte_map_base: 0x00000241014e0000

Marking Bits: (ParMarkBitMap*) 0x00007ffd469b2460
 Begin Bits: [0x00000241143c0000, 0x00000241163c0000)
 End Bits:   [0x00000241163c0000, 0x00000241183c0000)

Polling page: 0x00000241016d0000

Metaspace:

Usage:
  Non-class:     68.82 MB used.
      Class:      8.01 MB used.
       Both:     76.83 MB used.

Virtual space:
  Non-class space:      128.00 MB reserved,      69.94 MB ( 55%) committed,  2 nodes.
      Class space:        1.00 GB reserved,       8.81 MB ( <1%) committed,  1 nodes.
             Both:        1.12 GB reserved,      78.75 MB (  7%) committed. 

Chunk freelists:
   Non-Class:  9.71 MB
       Class:  7.15 MB
        Both:  16.86 MB

MaxMetaspaceSize: unlimited
CompressedClassSpaceSize: 1.00 GB
Initial GC threshold: 21.00 MB
Current GC threshold: 131.25 MB
CDS: on
 - commit_granule_bytes: 65536.
 - commit_granule_words: 8192.
 - virtual_space_node_default_size: 8388608.
 - enlarge_chunks_in_place: 1.
 - use_allocation_guard: 0.


Internal statistics:

num_allocs_failed_limit: 9.
num_arena_births: 1570.
num_arena_deaths: 232.
num_vsnodes_births: 3.
num_vsnodes_deaths: 0.
num_space_committed: 1260.
num_space_uncommitted: 0.
num_chunks_returned_to_freelist: 340.
num_chunks_taken_from_freelist: 5456.
num_chunk_merges: 135.
num_chunk_splits: 3195.
num_chunks_enlarged: 1575.
num_inconsistent_stats: 0.

CodeHeap 'non-profiled nmethods': size=119168Kb used=11238Kb max_used=11763Kb free=107929Kb
 bounds [0x000002410ccb0000, 0x000002410d830000, 0x0000024114110000]
CodeHeap 'profiled nmethods': size=119104Kb used=36651Kb max_used=39482Kb free=82452Kb
 bounds [0x0000024105110000, 0x00000241077a0000, 0x000002410c560000]
CodeHeap 'non-nmethods': size=7488Kb used=2068Kb max_used=3330Kb free=5419Kb
 bounds [0x000002410c560000, 0x000002410c8b0000, 0x000002410ccb0000]
CodeCache: size=245760Kb, used=49957Kb, max_used=54575Kb, free=195800Kb
 total_blobs=16398, nmethods=15579, adapters=719, full_count=0
Compilation: enabled, stopped_count=0, restarted_count=0

Compilation events (20 events):
Event: 21.858 Thread 0x000002415ad98880 17505       3       org.eclipse.sisu.plexus.Hints::canonicalHints (49 bytes)
Event: 21.859 Thread 0x000002415ad98880 nmethod 17505 0x0000024105161e10 code [0x0000024105162020, 0x0000024105162710]
Event: 21.862 Thread 0x000002415ad98880 17507   !   3       org.codehaus.plexus.DefaultPlexusContainer::locate (162 bytes)
Event: 21.862 Thread 0x000002415ac59300 17506   !   3       org.codehaus.plexus.DefaultPlexusContainer::lookup (59 bytes)
Event: 21.863 Thread 0x000002415ac59300 nmethod 17506 0x00000241052ace10 code [0x00000241052ad080, 0x00000241052adb88]
Event: 21.863 Thread 0x000002415ad98880 nmethod 17507 0x000002410519ac10 code [0x000002410519af60, 0x000002410519c340]
Event: 21.870 Thread 0x000002415ad98880 17509       3       java.util.Collection::removeIf (51 bytes)
Event: 21.870 Thread 0x000002415ac59300 17508   !   3       org.eclipse.m2e.core.internal.embedder.PlexusContainerManager::cleanup (36 bytes)
Event: 21.871 Thread 0x000002415ac59300 nmethod 17508 0x000002410534a510 code [0x000002410534a700, 0x000002410534ac38]
Event: 21.871 Thread 0x000002415ad98880 nmethod 17509 0x00000241051d5a10 code [0x00000241051d5c40, 0x00000241051d63e0]
Event: 21.882 Thread 0x000002415ad98880 17510   !   3       org.eclipse.m2e.core.internal.embedder.MavenImpl::getPlexusContainer (29 bytes)
Event: 21.882 Thread 0x000002415ac59300 17511   !   3       org.eclipse.m2e.core.internal.embedder.PlexusContainerManager::aquire (44 bytes)
Event: 21.882 Thread 0x000002415ad98880 nmethod 17510 0x0000024105220a10 code [0x0000024105220be0, 0x0000024105220eb8]
Event: 21.883 Thread 0x000002415ac59300 nmethod 17511 0x0000024105135190 code [0x0000024105135360, 0x0000024105135658]
Event: 21.883 Thread 0x000002415ad98880 17512   !   3       org.eclipse.m2e.core.internal.embedder.MavenImpl::lookup (103 bytes)
Event: 21.883 Thread 0x000002415ad98880 nmethod 17512 0x0000024106119190 code [0x0000024106119480, 0x000002410611a248]
Event: 21.895 Thread 0x000002415ad98880 17513       3       org.eclipse.m2e.core.internal.embedder.PlexusContainerManager$$Lambda/0x000002411a2b0850::test (8 bytes)
Event: 21.895 Thread 0x000002415ad98880 nmethod 17513 0x0000024105115d10 code [0x0000024105115ec0, 0x0000024105116110]
Event: 21.896 Thread 0x000002415ac59300 17514       3       org.eclipse.m2e.core.internal.embedder.PlexusContainerManager::lambda$1 (41 bytes)
Event: 21.897 Thread 0x000002415ac59300 nmethod 17514 0x000002410518e190 code [0x000002410518e3e0, 0x000002410518ecf0]

GC Heap History (20 events):
Event: 21.115 GC heap before
{Heap before GC invocations=466 (full 3):
 PSYoungGen      total 3584K, used 3504K [0x00000000d5580000, 0x00000000d5a80000, 0x0000000100000000)
  eden space 3072K, 100% used [0x00000000d5580000,0x00000000d5880000,0x00000000d5880000)
  from space 512K, 84% used [0x00000000d5a00000,0x00000000d5a6c010,0x00000000d5a80000)
  to   space 1024K, 0% used [0x00000000d5880000,0x00000000d5880000,0x00000000d5980000)
 ParOldGen       total 376320K, used 375997K [0x0000000080000000, 0x0000000096f80000, 0x00000000d5580000)
  object space 376320K, 99% used [0x0000000080000000,0x0000000096f2f7b0,0x0000000096f80000)
 Metaspace       used 78786K, committed 80512K, reserved 1179648K
  class space    used 8255K, committed 9024K, reserved 1048576K
}
Event: 21.117 GC heap after
{Heap after GC invocations=466 (full 3):
 PSYoungGen      total 4096K, used 528K [0x00000000d5580000, 0x00000000d5a80000, 0x0000000100000000)
  eden space 3072K, 0% used [0x00000000d5580000,0x00000000d5580000,0x00000000d5880000)
  from space 1024K, 51% used [0x00000000d5880000,0x00000000d59040d0,0x00000000d5980000)
  to   space 1024K, 0% used [0x00000000d5980000,0x00000000d5980000,0x00000000d5a80000)
 ParOldGen       total 376832K, used 376341K [0x0000000080000000, 0x0000000097000000, 0x00000000d5580000)
  object space 376832K, 99% used [0x0000000080000000,0x0000000096f857c0,0x0000000097000000)
 Metaspace       used 78786K, committed 80512K, reserved 1179648K
  class space    used 8255K, committed 9024K, reserved 1048576K
}
Event: 21.140 GC heap before
{Heap before GC invocations=467 (full 3):
 PSYoungGen      total 4096K, used 3600K [0x00000000d5580000, 0x00000000d5a80000, 0x0000000100000000)
  eden space 3072K, 100% used [0x00000000d5580000,0x00000000d5880000,0x00000000d5880000)
  from space 1024K, 51% used [0x00000000d5880000,0x00000000d59040d0,0x00000000d5980000)
  to   space 1024K, 0% used [0x00000000d5980000,0x00000000d5980000,0x00000000d5a80000)
 ParOldGen       total 376832K, used 376341K [0x0000000080000000, 0x0000000097000000, 0x00000000d5580000)
  object space 376832K, 99% used [0x0000000080000000,0x0000000096f857c0,0x0000000097000000)
 Metaspace       used 78801K, committed 80512K, reserved 1179648K
  class space    used 8256K, committed 9024K, reserved 1048576K
}
Event: 21.141 GC heap after
{Heap after GC invocations=467 (full 3):
 PSYoungGen      total 4096K, used 576K [0x00000000d5580000, 0x00000000d5a80000, 0x0000000100000000)
  eden space 3072K, 0% used [0x00000000d5580000,0x00000000d5580000,0x00000000d5880000)
  from space 1024K, 56% used [0x00000000d5980000,0x00000000d5a10000,0x00000000d5a80000)
  to   space 1024K, 0% used [0x00000000d5880000,0x00000000d5880000,0x00000000d5980000)
 ParOldGen       total 376832K, used 376654K [0x0000000080000000, 0x0000000097000000, 0x00000000d5580000)
  object space 376832K, 99% used [0x0000000080000000,0x0000000096fd3890,0x0000000097000000)
 Metaspace       used 78801K, committed 80512K, reserved 1179648K
  class space    used 8256K, committed 9024K, reserved 1048576K
}
Event: 21.175 GC heap before
{Heap before GC invocations=468 (full 3):
 PSYoungGen      total 4096K, used 3648K [0x00000000d5580000, 0x00000000d5a80000, 0x0000000100000000)
  eden space 3072K, 100% used [0x00000000d5580000,0x00000000d5880000,0x00000000d5880000)
  from space 1024K, 56% used [0x00000000d5980000,0x00000000d5a10000,0x00000000d5a80000)
  to   space 1024K, 0% used [0x00000000d5880000,0x00000000d5880000,0x00000000d5980000)
 ParOldGen       total 376832K, used 376654K [0x0000000080000000, 0x0000000097000000, 0x00000000d5580000)
  object space 376832K, 99% used [0x0000000080000000,0x0000000096fd3890,0x0000000097000000)
 Metaspace       used 78821K, committed 80576K, reserved 1179648K
  class space    used 8256K, committed 9024K, reserved 1048576K
}
Event: 21.178 GC heap after
{Heap after GC invocations=468 (full 3):
 PSYoungGen      total 4096K, used 1018K [0x00000000d5580000, 0x00000000d5b80000, 0x0000000100000000)
  eden space 3072K, 0% used [0x00000000d5580000,0x00000000d5580000,0x00000000d5880000)
  from space 1024K, 99% used [0x00000000d5880000,0x00000000d597e9f0,0x00000000d5980000)
  to   space 1536K, 0% used [0x00000000d5a00000,0x00000000d5a00000,0x00000000d5b80000)
 ParOldGen       total 377344K, used 377010K [0x0000000080000000, 0x0000000097080000, 0x00000000d5580000)
  object space 377344K, 99% used [0x0000000080000000,0x000000009702c8b0,0x0000000097080000)
 Metaspace       used 78821K, committed 80576K, reserved 1179648K
  class space    used 8256K, committed 9024K, reserved 1048576K
}
Event: 21.191 GC heap before
{Heap before GC invocations=469 (full 3):
 PSYoungGen      total 4096K, used 4090K [0x00000000d5580000, 0x00000000d5b80000, 0x0000000100000000)
  eden space 3072K, 100% used [0x00000000d5580000,0x00000000d5880000,0x00000000d5880000)
  from space 1024K, 99% used [0x00000000d5880000,0x00000000d597e9f0,0x00000000d5980000)
  to   space 1536K, 0% used [0x00000000d5a00000,0x00000000d5a00000,0x00000000d5b80000)
 ParOldGen       total 377344K, used 377010K [0x0000000080000000, 0x0000000097080000, 0x00000000d5580000)
  object space 377344K, 99% used [0x0000000080000000,0x000000009702c8b0,0x0000000097080000)
 Metaspace       used 78822K, committed 80640K, reserved 1179648K
  class space    used 8256K, committed 9024K, reserved 1048576K
}
Event: 21.193 GC heap after
{Heap after GC invocations=469 (full 3):
 PSYoungGen      total 3584K, used 377K [0x00000000d5580000, 0x00000000d5a80000, 0x0000000100000000)
  eden space 3072K, 0% used [0x00000000d5580000,0x00000000d5580000,0x00000000d5880000)
  from space 512K, 73% used [0x00000000d5a00000,0x00000000d5a5e410,0x00000000d5a80000)
  to   space 1024K, 0% used [0x00000000d5880000,0x00000000d5880000,0x00000000d5980000)
 ParOldGen       total 377856K, used 377779K [0x0000000080000000, 0x0000000097100000, 0x00000000d5580000)
  object space 377856K, 99% used [0x0000000080000000,0x00000000970ecd60,0x0000000097100000)
 Metaspace       used 78822K, committed 80640K, reserved 1179648K
  class space    used 8256K, committed 9024K, reserved 1048576K
}
Event: 21.208 GC heap before
{Heap before GC invocations=470 (full 3):
 PSYoungGen      total 3584K, used 3449K [0x00000000d5580000, 0x00000000d5a80000, 0x0000000100000000)
  eden space 3072K, 100% used [0x00000000d5580000,0x00000000d5880000,0x00000000d5880000)
  from space 512K, 73% used [0x00000000d5a00000,0x00000000d5a5e410,0x00000000d5a80000)
  to   space 1024K, 0% used [0x00000000d5880000,0x00000000d5880000,0x00000000d5980000)
 ParOldGen       total 377856K, used 377779K [0x0000000080000000, 0x0000000097100000, 0x00000000d5580000)
  object space 377856K, 99% used [0x0000000080000000,0x00000000970ecd60,0x0000000097100000)
 Metaspace       used 78828K, committed 80640K, reserved 1179648K
  class space    used 8256K, committed 9024K, reserved 1048576K
}
Event: 21.211 GC heap after
{Heap after GC invocations=470 (full 3):
 PSYoungGen      total 4096K, used 624K [0x00000000d5580000, 0x00000000d5a80000, 0x0000000100000000)
  eden space 3072K, 0% used [0x00000000d5580000,0x00000000d5580000,0x00000000d5880000)
  from space 1024K, 60% used [0x00000000d5880000,0x00000000d591c0d0,0x00000000d5980000)
  to   space 1024K, 0% used [0x00000000d5980000,0x00000000d5980000,0x00000000d5a80000)
 ParOldGen       total 378368K, used 378060K [0x0000000080000000, 0x0000000097180000, 0x00000000d5580000)
  object space 378368K, 99% used [0x0000000080000000,0x0000000097133170,0x0000000097180000)
 Metaspace       used 78828K, committed 80640K, reserved 1179648K
  class space    used 8256K, committed 9024K, reserved 1048576K
}
Event: 21.222 GC heap before
{Heap before GC invocations=471 (full 3):
 PSYoungGen      total 4096K, used 3696K [0x00000000d5580000, 0x00000000d5a80000, 0x0000000100000000)
  eden space 3072K, 100% used [0x00000000d5580000,0x00000000d5880000,0x00000000d5880000)
  from space 1024K, 60% used [0x00000000d5880000,0x00000000d591c0d0,0x00000000d5980000)
  to   space 1024K, 0% used [0x00000000d5980000,0x00000000d5980000,0x00000000d5a80000)
 ParOldGen       total 378368K, used 378060K [0x0000000080000000, 0x0000000097180000, 0x00000000d5580000)
  object space 378368K, 99% used [0x0000000080000000,0x0000000097133170,0x0000000097180000)
 Metaspace       used 78829K, committed 80640K, reserved 1179648K
  class space    used 8256K, committed 9024K, reserved 1048576K
}
Event: 21.224 GC heap after
{Heap after GC invocations=471 (full 3):
 PSYoungGen      total 4096K, used 448K [0x00000000d5580000, 0x00000000d5a80000, 0x0000000100000000)
  eden space 3072K, 0% used [0x00000000d5580000,0x00000000d5580000,0x00000000d5880000)
  from space 1024K, 43% used [0x00000000d5980000,0x00000000d59f0000,0x00000000d5a80000)
  to   space 1024K, 0% used [0x00000000d5880000,0x00000000d5880000,0x00000000d5980000)
 ParOldGen       total 378880K, used 378540K [0x0000000080000000, 0x0000000097200000, 0x00000000d5580000)
  object space 378880K, 99% used [0x0000000080000000,0x00000000971ab240,0x0000000097200000)
 Metaspace       used 78829K, committed 80640K, reserved 1179648K
  class space    used 8256K, committed 9024K, reserved 1048576K
}
Event: 21.267 GC heap before
{Heap before GC invocations=472 (full 3):
 PSYoungGen      total 4096K, used 3520K [0x00000000d5580000, 0x00000000d5a80000, 0x0000000100000000)
  eden space 3072K, 100% used [0x00000000d5580000,0x00000000d5880000,0x00000000d5880000)
  from space 1024K, 43% used [0x00000000d5980000,0x00000000d59f0000,0x00000000d5a80000)
  to   space 1024K, 0% used [0x00000000d5880000,0x00000000d5880000,0x00000000d5980000)
 ParOldGen       total 378880K, used 378540K [0x0000000080000000, 0x0000000097200000, 0x00000000d5580000)
  object space 378880K, 99% used [0x0000000080000000,0x00000000971ab240,0x0000000097200000)
 Metaspace       used 78867K, committed 80640K, reserved 1179648K
  class space    used 8256K, committed 9024K, reserved 1048576K
}
Event: 21.269 GC heap after
{Heap after GC invocations=472 (full 3):
 PSYoungGen      total 4096K, used 928K [0x00000000d5580000, 0x00000000d5a80000, 0x0000000100000000)
  eden space 3072K, 0% used [0x00000000d5580000,0x00000000d5580000,0x00000000d5880000)
  from space 1024K, 90% used [0x00000000d5880000,0x00000000d5968000,0x00000000d5980000)
  to   space 1024K, 0% used [0x00000000d5980000,0x00000000d5980000,0x00000000d5a80000)
 ParOldGen       total 378880K, used 378836K [0x0000000080000000, 0x0000000097200000, 0x00000000d5580000)
  object space 378880K, 99% used [0x0000000080000000,0x00000000971f5260,0x0000000097200000)
 Metaspace       used 78867K, committed 80640K, reserved 1179648K
  class space    used 8256K, committed 9024K, reserved 1048576K
}
Event: 21.526 GC heap before
{Heap before GC invocations=473 (full 3):
 PSYoungGen      total 4096K, used 3999K [0x00000000d5580000, 0x00000000d5a80000, 0x0000000100000000)
  eden space 3072K, 99% used [0x00000000d5580000,0x00000000d587ffd8,0x00000000d5880000)
  from space 1024K, 90% used [0x00000000d5880000,0x00000000d5968000,0x00000000d5980000)
  to   space 1024K, 0% used [0x00000000d5980000,0x00000000d5980000,0x00000000d5a80000)
 ParOldGen       total 378880K, used 378836K [0x0000000080000000, 0x0000000097200000, 0x00000000d5580000)
  object space 378880K, 99% used [0x0000000080000000,0x00000000971f5260,0x0000000097200000)
 Metaspace       used 78868K, committed 80640K, reserved 1179648K
  class space    used 8256K, committed 9024K, reserved 1048576K
}
Event: 21.528 GC heap after
{Heap after GC invocations=473 (full 3):
 PSYoungGen      total 4096K, used 320K [0x00000000d5580000, 0x00000000d5a80000, 0x0000000100000000)
  eden space 3072K, 0% used [0x00000000d5580000,0x00000000d5580000,0x00000000d5880000)
  from space 1024K, 31% used [0x00000000d5980000,0x00000000d59d0000,0x00000000d5a80000)
  to   space 1024K, 0% used [0x00000000d5880000,0x00000000d5880000,0x00000000d5980000)
 ParOldGen       total 379904K, used 379557K [0x0000000080000000, 0x0000000097300000, 0x00000000d5580000)
  object space 379904K, 99% used [0x0000000080000000,0x00000000972a9420,0x0000000097300000)
 Metaspace       used 78868K, committed 80640K, reserved 1179648K
  class space    used 8256K, committed 9024K, reserved 1048576K
}
Event: 21.586 GC heap before
{Heap before GC invocations=474 (full 3):
 PSYoungGen      total 4096K, used 821K [0x00000000d5580000, 0x00000000d5a80000, 0x0000000100000000)
  eden space 3072K, 16% used [0x00000000d5580000,0x00000000d55fd658,0x00000000d5880000)
  from space 1024K, 31% used [0x00000000d5980000,0x00000000d59d0000,0x00000000d5a80000)
  to   space 1024K, 0% used [0x00000000d5880000,0x00000000d5880000,0x00000000d5980000)
 ParOldGen       total 379904K, used 379557K [0x0000000080000000, 0x0000000097300000, 0x00000000d5580000)
  object space 379904K, 99% used [0x0000000080000000,0x00000000972a9420,0x0000000097300000)
 Metaspace       used 78868K, committed 80640K, reserved 1179648K
  class space    used 8256K, committed 9024K, reserved 1048576K
}
Event: 21.588 GC heap after
{Heap after GC invocations=474 (full 3):
 PSYoungGen      total 4096K, used 288K [0x00000000d5580000, 0x00000000d5a00000, 0x0000000100000000)
  eden space 3072K, 0% used [0x00000000d5580000,0x00000000d5580000,0x00000000d5880000)
  from space 1024K, 28% used [0x00000000d5880000,0x00000000d58c8000,0x00000000d5980000)
  to   space 512K, 0% used [0x00000000d5980000,0x00000000d5980000,0x00000000d5a00000)
 ParOldGen       total 379904K, used 379653K [0x0000000080000000, 0x0000000097300000, 0x00000000d5580000)
  object space 379904K, 99% used [0x0000000080000000,0x00000000972c1420,0x0000000097300000)
 Metaspace       used 78868K, committed 80640K, reserved 1179648K
  class space    used 8256K, committed 9024K, reserved 1048576K
}
Event: 21.588 GC heap before
{Heap before GC invocations=475 (full 4):
 PSYoungGen      total 4096K, used 288K [0x00000000d5580000, 0x00000000d5a00000, 0x0000000100000000)
  eden space 3072K, 0% used [0x00000000d5580000,0x00000000d5580000,0x00000000d5880000)
  from space 1024K, 28% used [0x00000000d5880000,0x00000000d58c8000,0x00000000d5980000)
  to   space 512K, 0% used [0x00000000d5980000,0x00000000d5980000,0x00000000d5a00000)
 ParOldGen       total 379904K, used 379653K [0x0000000080000000, 0x0000000097300000, 0x00000000d5580000)
  object space 379904K, 99% used [0x0000000080000000,0x00000000972c1420,0x0000000097300000)
 Metaspace       used 78868K, committed 80640K, reserved 1179648K
  class space    used 8256K, committed 9024K, reserved 1048576K
}
Event: 21.741 GC heap after
{Heap after GC invocations=475 (full 4):
 PSYoungGen      total 4096K, used 0K [0x00000000d5580000, 0x00000000d5a00000, 0x0000000100000000)
  eden space 3072K, 0% used [0x00000000d5580000,0x00000000d5580000,0x00000000d5880000)
  from space 1024K, 0% used [0x00000000d5880000,0x00000000d5880000,0x00000000d5980000)
  to   space 512K, 0% used [0x00000000d5980000,0x00000000d5980000,0x00000000d5a00000)
 ParOldGen       total 379904K, used 93210K [0x0000000080000000, 0x0000000097300000, 0x00000000d5580000)
  object space 379904K, 24% used [0x0000000080000000,0x0000000085b06b48,0x0000000097300000)
 Metaspace       used 78675K, committed 80640K, reserved 1179648K
  class space    used 8200K, committed 9024K, reserved 1048576K
}

Dll operation events (12 events):
Event: 0.019 Loaded shared library c:\dev\VSCode-win32-x64-1.107.1\data\extensions\redhat.java-1.50.0-win32-x64\jre\21.0.9-win32-x86_64\bin\java.dll
Event: 0.073 Loaded shared library c:\dev\VSCode-win32-x64-1.107.1\data\extensions\redhat.java-1.50.0-win32-x64\jre\21.0.9-win32-x86_64\bin\zip.dll
Event: 0.090 Loaded shared library C:\dev\VSCode-win32-x64-1.107.1\data\extensions\redhat.java-1.50.0-win32-x64\jre\21.0.9-win32-x86_64\bin\instrument.dll
Event: 0.095 Loaded shared library C:\dev\VSCode-win32-x64-1.107.1\data\extensions\redhat.java-1.50.0-win32-x64\jre\21.0.9-win32-x86_64\bin\net.dll
Event: 0.098 Loaded shared library C:\dev\VSCode-win32-x64-1.107.1\data\extensions\redhat.java-1.50.0-win32-x64\jre\21.0.9-win32-x86_64\bin\nio.dll
Event: 0.100 Loaded shared library C:\dev\VSCode-win32-x64-1.107.1\data\extensions\redhat.java-1.50.0-win32-x64\jre\21.0.9-win32-x86_64\bin\zip.dll
Event: 0.113 Loaded shared library C:\dev\VSCode-win32-x64-1.107.1\data\extensions\redhat.java-1.50.0-win32-x64\jre\21.0.9-win32-x86_64\bin\jimage.dll
Event: 0.186 Loaded shared library c:\dev\VSCode-win32-x64-1.107.1\data\extensions\redhat.java-1.50.0-win32-x64\jre\21.0.9-win32-x86_64\bin\verify.dll
Event: 1.318 Loaded shared library C:\dev\VSCode-win32-x64-1.107.1\data\user-data\User\globalStorage\redhat.java\1.50.0\config_win\org.eclipse.equinox.launcher\org.eclipse.equinox.launcher.win32.win32.x86_64_1.2.1400.v20250801-0854\eclipse_11916.dll
Event: 2.545 Loaded shared library C:\Users\ceav300725\AppData\Local\Temp\jna-261755198\jna18008319160665222566.dll
Event: 4.308 Loaded shared library C:\dev\VSCode-win32-x64-1.107.1\data\extensions\redhat.java-1.50.0-win32-x64\jre\21.0.9-win32-x86_64\bin\sunmscapi.dll
Event: 4.848 Loaded shared library C:\dev\VSCode-win32-x64-1.107.1\data\extensions\redhat.java-1.50.0-win32-x64\jre\21.0.9-win32-x86_64\bin\extnet.dll

Deoptimization events (20 events):
Event: 21.020 Thread 0x0000024167b5aa70 Uncommon trap: trap_request=0xffffffc6 fr.pc=0x000002410d7b2fb4 relative=0x0000000000000234
Event: 21.020 Thread 0x0000024167b5aa70 Uncommon trap: reason=bimorphic_or_optimized_type_check action=maybe_recompile pc=0x000002410d7b2fb4 method=org.eclipse.jdt.core.dom.SimpleName.accept0(Lorg/eclipse/jdt/core/dom/ASTVisitor;)V @ 2 c2
Event: 21.020 Thread 0x0000024167b5aa70 DEOPT PACKING pc=0x000002410d7b2fb4 sp=0x0000009fe90fea60
Event: 21.020 Thread 0x0000024167b5aa70 DEOPT UNPACKING pc=0x000002410c5b3aa2 sp=0x0000009fe90fe9f8 mode 2
Event: 21.020 Thread 0x0000024167b5aa70 Uncommon trap: trap_request=0xffffffc6 fr.pc=0x000002410d7b2fb4 relative=0x0000000000000234
Event: 21.020 Thread 0x0000024167b5aa70 Uncommon trap: reason=bimorphic_or_optimized_type_check action=maybe_recompile pc=0x000002410d7b2fb4 method=org.eclipse.jdt.core.dom.SimpleName.accept0(Lorg/eclipse/jdt/core/dom/ASTVisitor;)V @ 2 c2
Event: 21.020 Thread 0x0000024167b5aa70 DEOPT PACKING pc=0x000002410d7b2fb4 sp=0x0000009fe90fea60
Event: 21.020 Thread 0x0000024167b5aa70 DEOPT UNPACKING pc=0x000002410c5b3aa2 sp=0x0000009fe90fe9f8 mode 2
Event: 21.056 Thread 0x0000024167b5aa70 DEOPT PACKING pc=0x0000024106c81fa6 sp=0x0000009fe90fd220
Event: 21.056 Thread 0x0000024167b5aa70 DEOPT UNPACKING pc=0x000002410c5b4242 sp=0x0000009fe90fc8e0 mode 0
Event: 21.124 Thread 0x0000024167b5aa70 DEOPT PACKING pc=0x000002410731c7db sp=0x0000009fe90fdf50
Event: 21.124 Thread 0x0000024167b5aa70 DEOPT UNPACKING pc=0x000002410c5b4242 sp=0x0000009fe90fd4b8 mode 0
Event: 21.161 Thread 0x0000024167b5aa70 DEOPT PACKING pc=0x0000024106e633d7 sp=0x0000009fe90fda70
Event: 21.161 Thread 0x0000024167b5aa70 DEOPT UNPACKING pc=0x000002410c5b4242 sp=0x0000009fe90fcf40 mode 0
Event: 21.219 Thread 0x0000024167b5aa70 DEOPT PACKING pc=0x000002410731c7db sp=0x0000009fe90fdf50
Event: 21.219 Thread 0x0000024167b5aa70 DEOPT UNPACKING pc=0x000002410c5b4242 sp=0x0000009fe90fd4b8 mode 0
Event: 21.269 Thread 0x0000024167b5aa70 Uncommon trap: trap_request=0xffffffde fr.pc=0x000002410ce6c098 relative=0x0000000000000078
Event: 21.269 Thread 0x0000024167b5aa70 Uncommon trap: reason=class_check action=maybe_recompile pc=0x000002410ce6c098 method=java.util.LinkedHashMap.afterNodeInsertion(Z)V @ 15 c2
Event: 21.269 Thread 0x0000024167b5aa70 DEOPT PACKING pc=0x000002410ce6c098 sp=0x0000009fe90febf0
Event: 21.269 Thread 0x0000024167b5aa70 DEOPT UNPACKING pc=0x000002410c5b3aa2 sp=0x0000009fe90feb68 mode 2

Classes loaded (20 events):
Event: 17.429 Loading class java/net/ConnectException
Event: 17.431 Loading class java/net/ConnectException done
Event: 17.431 Loading class sun/net/util/SocketExceptions
Event: 17.432 Loading class sun/net/util/SocketExceptions done
Event: 17.890 Loading class java/lang/invoke/MethodHandleImpl$CountingWrapper$1
Event: 17.891 Loading class java/lang/invoke/MethodHandleImpl$CountingWrapper$1 done
Event: 18.127 Loading class jdk/internal/ref/CleanerImpl$InnocuousThreadFactory
Event: 18.127 Loading class jdk/internal/ref/CleanerImpl$InnocuousThreadFactory done
Event: 19.597 Loading class java/util/ArrayDeque$DeqSpliterator
Event: 19.597 Loading class java/util/ArrayDeque$DeqSpliterator done
Event: 19.623 Loading class java/util/concurrent/CompletableFuture$AsyncRun
Event: 19.624 Loading class java/util/concurrent/CompletableFuture$AsyncRun done
Event: 19.625 Loading class java/time/Duration$1
Event: 19.625 Loading class java/time/Duration$1 done
Event: 20.140 Loading class java/util/AbstractList$RandomAccessSubList
Event: 20.140 Loading class java/util/AbstractList$SubList
Event: 20.140 Loading class java/util/AbstractList$SubList done
Event: 20.140 Loading class java/util/AbstractList$RandomAccessSubList done
Event: 20.141 Loading class java/util/AbstractList$SubList$1
Event: 20.141 Loading class java/util/AbstractList$SubList$1 done

Classes unloaded (20 events):
Event: 21.616 Thread 0x00000241189a4620 Unloading class 0x000002411a80ec00 'java/lang/invoke/LambdaForm$MH+0x000002411a80ec00'
Event: 21.616 Thread 0x00000241189a4620 Unloading class 0x000002411a80e000 'java/lang/invoke/LambdaForm$MH+0x000002411a80e000'
Event: 21.616 Thread 0x00000241189a4620 Unloading class 0x000002411a80dc00 'java/lang/invoke/LambdaForm$MH+0x000002411a80dc00'
Event: 21.616 Thread 0x00000241189a4620 Unloading class 0x000002411a80d800 'java/lang/invoke/LambdaForm$MH+0x000002411a80d800'
Event: 21.616 Thread 0x00000241189a4620 Unloading class 0x000002411a80d400 'java/lang/invoke/LambdaForm$MH+0x000002411a80d400'
Event: 21.616 Thread 0x00000241189a4620 Unloading class 0x000002411a80d000 'java/lang/invoke/LambdaForm$MH+0x000002411a80d000'
Event: 21.616 Thread 0x00000241189a4620 Unloading class 0x000002411a80c800 'java/lang/invoke/LambdaForm$MH+0x000002411a80c800'
Event: 21.616 Thread 0x00000241189a4620 Unloading class 0x000002411a80c400 'java/lang/invoke/LambdaForm$MH+0x000002411a80c400'
Event: 21.616 Thread 0x00000241189a4620 Unloading class 0x000002411a80c000 'java/lang/invoke/LambdaForm$MH+0x000002411a80c000'
Event: 21.616 Thread 0x00000241189a4620 Unloading class 0x000002411a80bc00 'java/lang/invoke/LambdaForm$MH+0x000002411a80bc00'
Event: 21.616 Thread 0x00000241189a4620 Unloading class 0x000002411a80b800 'java/lang/invoke/LambdaForm$MH+0x000002411a80b800'
Event: 21.616 Thread 0x00000241189a4620 Unloading class 0x000002411a80ac00 'java/lang/invoke/LambdaForm$MH+0x000002411a80ac00'
Event: 21.616 Thread 0x00000241189a4620 Unloading class 0x000002411a80b000 'java/lang/invoke/LambdaForm$MH+0x000002411a80b000'
Event: 21.616 Thread 0x00000241189a4620 Unloading class 0x000002411a80a800 'java/lang/invoke/LambdaForm$MH+0x000002411a80a800'
Event: 21.616 Thread 0x00000241189a4620 Unloading class 0x000002411a80a400 'java/lang/invoke/LambdaForm$MH+0x000002411a80a400'
Event: 21.616 Thread 0x00000241189a4620 Unloading class 0x000002411a80a000 'java/lang/invoke/LambdaForm$MH+0x000002411a80a000'
Event: 21.616 Thread 0x00000241189a4620 Unloading class 0x000002411a75d000 'java/lang/invoke/LambdaForm$DMH+0x000002411a75d000'
Event: 21.616 Thread 0x00000241189a4620 Unloading class 0x000002411a75cc00 'java/lang/invoke/LambdaForm$DMH+0x000002411a75cc00'
Event: 21.616 Thread 0x00000241189a4620 Unloading class 0x000002411a75c800 'java/lang/invoke/LambdaForm$DMH+0x000002411a75c800'
Event: 21.616 Thread 0x00000241189a4620 Unloading class 0x000002411a75c000 'java/lang/invoke/LambdaForm$DMH+0x000002411a75c000'

Classes redefined (0 events):
No events

Internal exceptions (20 events):
Event: 21.201 Thread 0x0000024167b5aa70 Implicit null exception at 0x00000241074eb2a1 to 0x00000241074eb49d
Event: 21.201 Thread 0x0000024167b5aa70 Exception <a 'java/lang/NullPointerException'{0x00000000d578f5e0}> (0x00000000d578f5e0) 
thrown [s\src\hotspot\share\runtime\sharedRuntime.cpp, line 625]
Event: 21.201 Thread 0x0000024167b5aa70 Implicit null exception at 0x00000241074eb2a1 to 0x00000241074eb49d
Event: 21.201 Thread 0x0000024167b5aa70 Exception <a 'java/lang/NullPointerException'{0x00000000d578ff40}> (0x00000000d578ff40) 
thrown [s\src\hotspot\share\runtime\sharedRuntime.cpp, line 625]
Event: 21.201 Thread 0x0000024167b5aa70 Implicit null exception at 0x00000241074eb2a1 to 0x00000241074eb49d
Event: 21.201 Thread 0x0000024167b5aa70 Exception <a 'java/lang/NullPointerException'{0x00000000d57914a8}> (0x00000000d57914a8) 
thrown [s\src\hotspot\share\runtime\sharedRuntime.cpp, line 625]
Event: 21.201 Thread 0x0000024167b5aa70 Implicit null exception at 0x00000241074eb2a1 to 0x00000241074eb49d
Event: 21.201 Thread 0x0000024167b5aa70 Exception <a 'java/lang/NullPointerException'{0x00000000d5791da0}> (0x00000000d5791da0) 
thrown [s\src\hotspot\share\runtime\sharedRuntime.cpp, line 625]
Event: 21.205 Thread 0x0000024167b5aa70 Implicit null exception at 0x00000241074eb2a1 to 0x00000241074eb49d
Event: 21.205 Thread 0x0000024167b5aa70 Exception <a 'java/lang/NullPointerException'{0x00000000d57e56e0}> (0x00000000d57e56e0) 
thrown [s\src\hotspot\share\runtime\sharedRuntime.cpp, line 625]
Event: 21.206 Thread 0x0000024167b5aa70 Implicit null exception at 0x00000241074eb2a1 to 0x00000241074eb49d
Event: 21.206 Thread 0x0000024167b5aa70 Exception <a 'java/lang/NullPointerException'{0x00000000d57fc930}> (0x00000000d57fc930) 
thrown [s\src\hotspot\share\runtime\sharedRuntime.cpp, line 625]
Event: 21.206 Thread 0x0000024167b5aa70 Implicit null exception at 0x00000241074eb2a1 to 0x00000241074eb49d
Event: 21.206 Thread 0x0000024167b5aa70 Exception <a 'java/lang/NullPointerException'{0x00000000d57fd040}> (0x00000000d57fd040) 
thrown [s\src\hotspot\share\runtime\sharedRuntime.cpp, line 625]
Event: 21.206 Thread 0x0000024167b5aa70 Implicit null exception at 0x00000241074eb2a1 to 0x00000241074eb49d
Event: 21.206 Thread 0x0000024167b5aa70 Exception <a 'java/lang/NullPointerException'{0x00000000d57fd750}> (0x00000000d57fd750) 
thrown [s\src\hotspot\share\runtime\sharedRuntime.cpp, line 625]
Event: 21.206 Thread 0x0000024167b5aa70 Implicit null exception at 0x00000241074eb2a1 to 0x00000241074eb49d
Event: 21.206 Thread 0x0000024167b5aa70 Exception <a 'java/lang/NullPointerException'{0x00000000d57fe128}> (0x00000000d57fe128) 
thrown [s\src\hotspot\share\runtime\sharedRuntime.cpp, line 625]
Event: 21.219 Thread 0x0000024167b5aa70 Implicit null exception at 0x00000241074eb2a1 to 0x00000241074eb49d
Event: 21.219 Thread 0x0000024167b5aa70 Exception <a 'java/lang/NullPointerException'{0x00000000d5811628}> (0x00000000d5811628) 
thrown [s\src\hotspot\share\runtime\sharedRuntime.cpp, line 625]

ZGC Phase Switch (0 events):
No events

VM Operations (20 events):
Event: 21.068 Executing VM operation: ParallelGCFailedAllocation (Allocation Failure) done
Event: 21.115 Executing VM operation: ParallelGCFailedAllocation (Allocation Failure)
Event: 21.117 Executing VM operation: ParallelGCFailedAllocation (Allocation Failure) done
Event: 21.139 Executing VM operation: ParallelGCFailedAllocation (Allocation Failure)
Event: 21.141 Executing VM operation: ParallelGCFailedAllocation (Allocation Failure) done
Event: 21.174 Executing VM operation: ParallelGCFailedAllocation (Allocation Failure)
Event: 21.178 Executing VM operation: ParallelGCFailedAllocation (Allocation Failure) done
Event: 21.191 Executing VM operation: ParallelGCFailedAllocation (Allocation Failure)
Event: 21.193 Executing VM operation: ParallelGCFailedAllocation (Allocation Failure) done
Event: 21.208 Executing VM operation: ParallelGCFailedAllocation (Allocation Failure)
Event: 21.211 Executing VM operation: ParallelGCFailedAllocation (Allocation Failure) done
Event: 21.222 Executing VM operation: ParallelGCFailedAllocation (Allocation Failure)
Event: 21.224 Executing VM operation: ParallelGCFailedAllocation (Allocation Failure) done
Event: 21.267 Executing VM operation: ParallelGCFailedAllocation (Allocation Failure)
Event: 21.269 Executing VM operation: ParallelGCFailedAllocation (Allocation Failure) done
Event: 21.525 Executing VM operation: ParallelGCFailedAllocation (Allocation Failure)
Event: 21.528 Executing VM operation: ParallelGCFailedAllocation (Allocation Failure) done
Event: 21.586 Executing VM operation: ParallelGCSystemGC (CodeCache GC Threshold)
Event: 21.741 Executing VM operation: ParallelGCSystemGC (CodeCache GC Threshold) done
Event: 22.038 Executing VM operation: ParallelGCFailedAllocation (Allocation Failure)

Memory protections (0 events):
No events

Nmethod flushes (20 events):
Event: 21.671 Thread 0x00000241189a4620 flushing  nmethod 0x000002410619cd90
Event: 21.671 Thread 0x00000241189a4620 flushing  nmethod 0x000002410619db90
Event: 21.671 Thread 0x00000241189a4620 flushing  nmethod 0x000002410619e710
Event: 21.671 Thread 0x00000241189a4620 flushing  nmethod 0x000002410619f790
Event: 21.671 Thread 0x00000241189a4620 flushing  nmethod 0x00000241061ae490
Event: 21.671 Thread 0x00000241189a4620 flushing  nmethod 0x00000241061ae890
Event: 21.671 Thread 0x00000241189a4620 flushing  nmethod 0x00000241061aec90
Event: 21.671 Thread 0x00000241189a4620 flushing  nmethod 0x00000241061af190
Event: 21.671 Thread 0x00000241189a4620 flushing  nmethod 0x00000241061b2f90
Event: 21.671 Thread 0x00000241189a4620 flushing  nmethod 0x00000241061b4210
Event: 21.671 Thread 0x00000241189a4620 flushing  nmethod 0x00000241061c2d10
Event: 21.671 Thread 0x00000241189a4620 flushing  nmethod 0x00000241061d0d90
Event: 21.671 Thread 0x00000241189a4620 flushing  nmethod 0x0000024106224c10
Event: 21.671 Thread 0x00000241189a4620 flushing  nmethod 0x000002410622c690
Event: 21.671 Thread 0x00000241189a4620 flushing  nmethod 0x000002410622d010
Event: 21.671 Thread 0x00000241189a4620 flushing  nmethod 0x000002410622d690
Event: 21.671 Thread 0x00000241189a4620 flushing  nmethod 0x000002410622db10
Event: 21.671 Thread 0x00000241189a4620 flushing  nmethod 0x0000024106254190
Event: 21.671 Thread 0x00000241189a4620 flushing  nmethod 0x0000024106256e10
Event: 21.671 Thread 0x00000241189a4620 flushing  nmethod 0x0000024106273f90

Events (20 events):
Event: 14.335 Thread 0x0000024161a9cb90 Thread added: 0x0000024166bb59f0
Event: 14.344 Thread 0x0000024161a9cb90 Thread added: 0x0000024166bb3290
Event: 14.344 Thread 0x0000024161a9cb90 Thread added: 0x0000024166bb6da0
Event: 14.344 Thread 0x0000024161a9cb90 Thread added: 0x0000024166bb6710
Event: 14.346 Thread 0x0000024161a9cb90 Thread added: 0x0000024166bb3920
Event: 15.776 Thread 0x0000024166bb6710 Thread exited: 0x0000024166bb6710
Event: 15.776 Thread 0x0000024166bb3290 Thread exited: 0x0000024166bb3290
Event: 15.777 Thread 0x0000024166bb3920 Thread exited: 0x0000024166bb3920
Event: 15.777 Thread 0x0000024166bb6da0 Thread exited: 0x0000024166bb6da0
Event: 15.777 Thread 0x0000024166bb59f0 Thread exited: 0x0000024166bb59f0
Event: 16.316 Thread 0x0000024163a4b0a0 Thread exited: 0x0000024163a4b0a0
Event: 18.128 Thread 0x0000024167b5d860 Thread added: 0x000002415c80c680
Event: 19.238 Thread 0x0000024163d6e250 Thread exited: 0x0000024163d6e250
Event: 19.550 Thread 0x0000024163d6cde0 Thread exited: 0x0000024163d6cde0
Event: 19.550 Thread 0x0000024163d6c710 Thread exited: 0x0000024163d6c710
Event: 19.550 Thread 0x0000024163d6c040 Thread exited: 0x0000024163d6c040
Event: 19.569 Thread 0x0000024163d6b970 Thread exited: 0x0000024163d6b970
Event: 19.675 Thread 0x000002415ad98880 Thread added: 0x000002415c7a0560
Event: 20.950 Thread 0x000002415ac59300 Thread added: 0x000002415c79f7c0
Event: 20.952 Thread 0x000002415c79f7c0 Thread added: 0x000002415c79fe90


Dynamic libraries:
0x00007ff7ea7c0000 - 0x00007ff7ea7ce000 	c:\dev\VSCode-win32-x64-1.107.1\data\extensions\redhat.java-1.50.0-win32-x64\jre\21.0.9-win32-x86_64\bin\java.exe
0x00007ffdf2ba0000 - 0x00007ffdf2e07000 	C:\WINDOWS\SYSTEM32\ntdll.dll
0x00007ffdf0a90000 - 0x00007ffdf0b59000 	C:\WINDOWS\System32\KERNEL32.DLL
0x00007ffdf00c0000 - 0x00007ffdf04b0000 	C:\WINDOWS\System32\KERNELBASE.dll
0x0000000057360000 - 0x00000000573fe000 	C:\ProgramData\Symantec\Symantec Endpoint Protection\14.3.9707.7000.105\Data\Sysfer\x64\sysfer.dll
0x00007ffdefe30000 - 0x00007ffdeff7b000 	C:\WINDOWS\System32\ucrtbase.dll
0x00007ffddf600000 - 0x00007ffddf61e000 	c:\dev\VSCode-win32-x64-1.107.1\data\extensions\redhat.java-1.50.0-win32-x64\jre\21.0.9-win32-x86_64\bin\VCRUNTIME140.dll
0x00007ffde05e0000 - 0x00007ffde05f8000 	c:\dev\VSCode-win32-x64-1.107.1\data\extensions\redhat.java-1.50.0-win32-x64\jre\21.0.9-win32-x86_64\bin\jli.dll
0x00007ffdf1510000 - 0x00007ffdf16d5000 	C:\WINDOWS\System32\USER32.dll
0x00007ffdeed70000 - 0x00007ffdef00a000 	C:\WINDOWS\WinSxS\amd64_microsoft.windows.common-controls_6595b64144ccf1df_6.0.26100.4768_none_3e0c112ce331287c\COMCTL32.dll
0x00007ffdf2990000 - 0x00007ffdf2a39000 	C:\WINDOWS\System32\msvcrt.dll
0x00007ffdf2a70000 - 0x00007ffdf2a9b000 	C:\WINDOWS\System32\GDI32.dll
0x00007ffdf07c0000 - 0x00007ffdf07e7000 	C:\WINDOWS\System32\win32u.dll
0x00007ffdf07f0000 - 0x00007ffdf0928000 	C:\WINDOWS\System32\gdi32full.dll
0x00007ffdf0010000 - 0x00007ffdf00b3000 	C:\WINDOWS\System32\msvcp_win.dll
0x00007ffdf2850000 - 0x00007ffdf287f000 	C:\WINDOWS\System32\IMM32.DLL
0x00007ffde05d0000 - 0x00007ffde05dc000 	c:\dev\VSCode-win32-x64-1.107.1\data\extensions\redhat.java-1.50.0-win32-x64\jre\21.0.9-win32-x86_64\bin\vcruntime140_1.dll
0x00007ffdb5860000 - 0x00007ffdb58ed000 	c:\dev\VSCode-win32-x64-1.107.1\data\extensions\redhat.java-1.50.0-win32-x64\jre\21.0.9-win32-x86_64\bin\msvcp140.dll
0x00007ffd45cf0000 - 0x00007ffd46a90000 	c:\dev\VSCode-win32-x64-1.107.1\data\extensions\redhat.java-1.50.0-win32-x64\jre\21.0.9-win32-x86_64\bin\server\jvm.dll
0x00007ffdf2aa0000 - 0x00007ffdf2b54000 	C:\WINDOWS\System32\ADVAPI32.dll
0x00007ffdf09e0000 - 0x00007ffdf0a86000 	C:\WINDOWS\System32\sechost.dll
0x00007ffdf1760000 - 0x00007ffdf1878000 	C:\WINDOWS\System32\RPCRT4.dll
0x00007ffdf1880000 - 0x00007ffdf18f4000 	C:\WINDOWS\System32\WS2_32.dll
0x00007ffdefb30000 - 0x00007ffdefb8e000 	C:\WINDOWS\SYSTEM32\POWRPROF.dll
0x00007ffddf670000 - 0x00007ffddf6a5000 	C:\WINDOWS\SYSTEM32\WINMM.dll
0x00007ffdebac0000 - 0x00007ffdebacb000 	C:\WINDOWS\SYSTEM32\VERSION.dll
0x00007ffdefb10000 - 0x00007ffdefb24000 	C:\WINDOWS\SYSTEM32\UMPDC.dll
0x00007ffdee1b0000 - 0x00007ffdee1cb000 	C:\WINDOWS\SYSTEM32\kernel.appcore.dll
0x00007ffde0590000 - 0x00007ffde059a000 	c:\dev\VSCode-win32-x64-1.107.1\data\extensions\redhat.java-1.50.0-win32-x64\jre\21.0.9-win32-x86_64\bin\jimage.dll
0x00007ffdef490000 - 0x00007ffdef6d1000 	C:\WINDOWS\SYSTEM32\DBGHELP.DLL
0x00007ffdf1db0000 - 0x00007ffdf2135000 	C:\WINDOWS\System32\combase.dll
0x00007ffdf21c0000 - 0x00007ffdf22a0000 	C:\WINDOWS\System32\OLEAUT32.dll
0x00007ffdef370000 - 0x00007ffdef3b3000 	C:\WINDOWS\SYSTEM32\dbgcore.DLL
0x00007ffdefcd0000 - 0x00007ffdefd69000 	C:\WINDOWS\System32\bcryptPrimitives.dll
0x00007ffddf160000 - 0x00007ffddf16f000 	c:\dev\VSCode-win32-x64-1.107.1\data\extensions\redhat.java-1.50.0-win32-x64\jre\21.0.9-win32-x86_64\bin\instrument.dll
0x00007ffddf140000 - 0x00007ffddf160000 	c:\dev\VSCode-win32-x64-1.107.1\data\extensions\redhat.java-1.50.0-win32-x64\jre\21.0.9-win32-x86_64\bin\java.dll
0x00007ffdf0c50000 - 0x00007ffdf139d000 	C:\WINDOWS\System32\SHELL32.dll
0x00007ffdf0640000 - 0x00007ffdf07b3000 	C:\WINDOWS\System32\wintypes.dll
0x00007ffdece20000 - 0x00007ffded67f000 	C:\WINDOWS\SYSTEM32\windows.storage.dll
0x00007ffdf22b0000 - 0x00007ffdf23a5000 	C:\WINDOWS\System32\SHCORE.dll
0x00007ffdf2150000 - 0x00007ffdf21ba000 	C:\WINDOWS\System32\shlwapi.dll
0x00007ffdefbf0000 - 0x00007ffdefc19000 	C:\WINDOWS\SYSTEM32\profapi.dll
0x00007ffdde2a0000 - 0x00007ffdde2b8000 	c:\dev\VSCode-win32-x64-1.107.1\data\extensions\redhat.java-1.50.0-win32-x64\jre\21.0.9-win32-x86_64\bin\zip.dll
0x00007ffddec10000 - 0x00007ffddec20000 	C:\dev\VSCode-win32-x64-1.107.1\data\extensions\redhat.java-1.50.0-win32-x64\jre\21.0.9-win32-x86_64\bin\net.dll
0x00007ffdee1d0000 - 0x00007ffdee2ee000 	C:\WINDOWS\SYSTEM32\WINHTTP.dll
0x00007ffdee810000 - 0x00007ffdee87b000 	C:\WINDOWS\system32\mswsock.dll
0x00007ffddc480000 - 0x00007ffddc496000 	C:\dev\VSCode-win32-x64-1.107.1\data\extensions\redhat.java-1.50.0-win32-x64\jre\21.0.9-win32-x86_64\bin\nio.dll
0x00007ffdde290000 - 0x00007ffdde2a0000 	c:\dev\VSCode-win32-x64-1.107.1\data\extensions\redhat.java-1.50.0-win32-x64\jre\21.0.9-win32-x86_64\bin\verify.dll
0x00007ffda6a20000 - 0x00007ffda6a64000 	C:\dev\VSCode-win32-x64-1.107.1\data\user-data\User\globalStorage\redhat.java\1.50.0\config_win\org.eclipse.equinox.launcher\org.eclipse.equinox.launcher.win32.win32.x86_64_1.2.1400.v20250801-0854\eclipse_11916.dll
0x00007ffdf1c00000 - 0x00007ffdf1da0000 	C:\WINDOWS\System32\ole32.dll
0x00007ffdef800000 - 0x00007ffdef81b000 	C:\WINDOWS\SYSTEM32\CRYPTSP.dll
0x00007ffdee110000 - 0x00007ffdee14b000 	C:\WINDOWS\system32\rsaenh.dll
0x00007ffdee8b0000 - 0x00007ffdee8db000 	C:\WINDOWS\SYSTEM32\USERENV.dll
0x00007ffdefbc0000 - 0x00007ffdefbe6000 	C:\WINDOWS\SYSTEM32\bcrypt.dll
0x00007ffdeea50000 - 0x00007ffdeea5c000 	C:\WINDOWS\SYSTEM32\CRYPTBASE.dll
0x00007ffded930000 - 0x00007ffded963000 	C:\WINDOWS\SYSTEM32\IPHLPAPI.DLL
0x00007ffdf19f0000 - 0x00007ffdf19fa000 	C:\WINDOWS\System32\NSI.dll
0x00007ffda0ea0000 - 0x00007ffda0ee9000 	C:\Users\ceav300725\AppData\Local\Temp\jna-261755198\jna18008319160665222566.dll
0x00007ffdf23b0000 - 0x00007ffdf23b8000 	C:\WINDOWS\System32\PSAPI.DLL
0x00007ffdebb90000 - 0x00007ffdebbaf000 	C:\WINDOWS\SYSTEM32\dhcpcsvc6.DLL
0x00007ffdebb60000 - 0x00007ffdebb85000 	C:\WINDOWS\SYSTEM32\dhcpcsvc.DLL
0x00007ffde0630000 - 0x00007ffde063e000 	C:\dev\VSCode-win32-x64-1.107.1\data\extensions\redhat.java-1.50.0-win32-x64\jre\21.0.9-win32-x86_64\bin\sunmscapi.dll
0x00007ffdf04c0000 - 0x00007ffdf0637000 	C:\WINDOWS\System32\CRYPT32.dll
0x00007ffdef010000 - 0x00007ffdef040000 	C:\WINDOWS\SYSTEM32\ncrypt.dll
0x00007ffdeed20000 - 0x00007ffdeed5f000 	C:\WINDOWS\SYSTEM32\NTASN1.dll
0x00007ffded970000 - 0x00007ffdeda96000 	C:\WINDOWS\SYSTEM32\DNSAPI.dll
0x00007ffde5e60000 - 0x00007ffde5e6b000 	C:\Windows\System32\rasadhlp.dll
0x00007ffdebc10000 - 0x00007ffdebc96000 	C:\WINDOWS\System32\fwpuclnt.dll
0x00007ffde0600000 - 0x00007ffde0609000 	C:\dev\VSCode-win32-x64-1.107.1\data\extensions\redhat.java-1.50.0-win32-x64\jre\21.0.9-win32-x86_64\bin\extnet.dll

JVMTI agents:
c:\dev\VSCode-win32-x64-1.107.1\data\extensions\redhat.java-1.50.0-win32-x64\lombok\lombok-1.18.39-4050.jar path:c:\dev\VSCode-win32-x64-1.107.1\data\extensions\redhat.java-1.50.0-win32-x64\jre\21.0.9-win32-x86_64\bin\instrument.dll, loaded, initialized, instrumentlib options:none

dbghelp: loaded successfully - version: 4.0.5 - missing functions: none
symbol engine: initialized successfully - sym options: 0x614 - pdb path: .;c:\dev\VSCode-win32-x64-1.107.1\data\extensions\redhat.java-1.50.0-win32-x64\jre\21.0.9-win32-x86_64\bin;C:\WINDOWS\SYSTEM32;C:\ProgramData\Symantec\Symantec Endpoint Protection\14.3.9707.7000.105\Data\Sysfer\x64;C:\WINDOWS\WinSxS\amd64_microsoft.windows.common-controls_6595b64144ccf1df_6.0.26100.4768_none_3e0c112ce331287c;c:\dev\VSCode-win32-x64-1.107.1\data\extensions\redhat.java-1.50.0-win32-x64\jre\21.0.9-win32-x86_64\bin\server;C:\dev\VSCode-win32-x64-1.107.1\data\user-data\User\globalStorage\redhat.java\1.50.0\config_win\org.eclipse.equinox.launcher\org.eclipse.equinox.launcher.win32.win32.x86_64_1.2.1400.v20250801-0854;C:\Users\ceav300725\AppData\Local\Temp\jna-261755198

VM Arguments:
jvm_args: --add-modules=ALL-SYSTEM --add-opens=java.base/java.util=ALL-UNNAMED --add-opens=java.base/java.lang=ALL-UNNAMED --add-opens=java.base/sun.nio.fs=ALL-UNNAMED -Declipse.application=org.eclipse.jdt.ls.core.id1 -Dosgi.bundles.defaultStartLevel=4 -Declipse.product=org.eclipse.jdt.ls.core.product -Djava.import.generatesMetadataFilesAtProjectRoot=false -DDetectVMInstallationsJob.disabled=true -Dfile.encoding=utf8 -XX:+UseParallelGC -XX:GCTimeRatio=4 -XX:AdaptiveSizePolicyWeight=90 -Dsun.zip.disableMemoryMapping=true -Xmx2G -Xms100m -Xlog:disable -javaagent:c:\dev\VSCode-win32-x64-1.107.1\data\extensions\redhat.java-1.50.0-win32-x64\lombok\lombok-1.18.39-4050.jar -XX:+HeapDumpOnOutOfMemoryError -XX:HeapDumpPath=c:\dev\VSCode-win32-x64-1.107.1\data\user-data\User\workspaceStorage\5560c89cca577fbe0db3868c59b48f2f\redhat.java -Daether.dependencyCollector.impl=bf 
java_command: c:\dev\VSCode-win32-x64-1.107.1\data\extensions\redhat.java-1.50.0-win32-x64\server\plugins\org.eclipse.equinox.launcher_1.7.100.v20251111-0406.jar -configuration c:\dev\VSCode-win32-x64-1.107.1\data\user-data\User\globalStorage\redhat.java\1.50.0\config_win -data c:\dev\VSCode-win32-x64-1.107.1\data\user-data\User\workspaceStorage\5560c89cca577fbe0db3868c59b48f2f\redhat.java\jdt_ws --pipe=\\.\pipe\lsp-f3d8211cf6361779dc5926a4e649d59c-sock
java_class_path (initial): c:\dev\VSCode-win32-x64-1.107.1\data\extensions\redhat.java-1.50.0-win32-x64\server\plugins\org.eclipse.equinox.launcher_1.7.100.v20251111-0406.jar
Launcher Type: SUN_STANDARD

[Global flags]
    uintx AdaptiveSizePolicyWeight                 = 90                                        {product} {command line}
     intx CICompilerCount                          = 12                                        {product} {ergonomic}
    uintx GCTimeRatio                              = 4                                         {product} {command line}
     bool HeapDumpOnOutOfMemoryError               = true                                   {manageable} {command line}
    ccstr HeapDumpPath                             = c:\dev\VSCode-win32-x64-1.107.1\data\user-data\User\workspaceStorage\5560c89cca577fbe0db3868c59b48f2f\redhat.java         {manageable} {command line}
   size_t InitialHeapSize                          = 104857600                                 {product} {command line}
   size_t MaxHeapSize                              = 2147483648                                {product} {command line}
   size_t MaxNewSize                               = 715653120                                 {product} {ergonomic}
   size_t MinHeapDeltaBytes                        = 524288                                    {product} {ergonomic}
   size_t MinHeapSize                              = 104857600                                 {product} {command line}
   size_t NewSize                                  = 34603008                                  {product} {ergonomic}
    uintx NonNMethodCodeHeapSize                   = 7602480                                {pd product} {ergonomic}
    uintx NonProfiledCodeHeapSize                  = 122027880                              {pd product} {ergonomic}
   size_t OldSize                                  = 70254592                                  {product} {ergonomic}
    uintx ProfiledCodeHeapSize                     = 122027880                              {pd product} {ergonomic}
    uintx ReservedCodeCacheSize                    = 251658240                              {pd product} {ergonomic}
     bool SegmentedCodeCache                       = true                                      {product} {ergonomic}
   size_t SoftMaxHeapSize                          = 2147483648                             {manageable} {ergonomic}
     bool UseCompressedOops                        = true                           {product lp64_product} {ergonomic}
     bool UseLargePagesIndividualAllocation        = false                                  {pd product} {ergonomic}
     bool UseParallelGC                            = true                                      {product} {command line}

Logging:
Log output configuration:
 #0: stdout all=off uptime,level,tags foldmultilines=false
 #1: stderr all=off uptime,level,tags foldmultilines=false

Release file:
JAVA_VERSION="21.0.9" 
MODULES="java.base java.compiler java.datatransfer java.xml java.prefs java.desktop java.instrument java.logging java.management java.security.sasl java.naming java.rmi java.management.rmi java.net.http java.scripting java.security.jgss java.transaction.xa java.sql java.sql.rowset java.xml.crypto java.se java.smartcardio jdk.accessibility jdk.internal.jvmstat jdk.attach jdk.charsets jdk.internal.opt jdk.zipfs jdk.compiler jdk.crypto.ec jdk.crypto.cryptoki jdk.crypto.mscapi jdk.dynalink jdk.internal.ed jdk.editpad jdk.hotspot.agent jdk.httpserver jdk.internal.le jdk.internal.vm.ci jdk.internal.vm.compiler jdk.internal.vm.compiler.management jdk.jartool jdk.javadoc jdk.jcmd jdk.management jdk.management.agent jdk.jconsole jdk.jdeps jdk.jdwp.agent jdk.jdi jdk.jfr jdk.jshell jdk.jsobject jdk.jstatd jdk.localedata jdk.management.jfr jdk.naming.dns jdk.naming.rmi jdk.net jdk.nio.mapmode jdk.random jdk.sctp jdk.security.auth jdk.security.jgss jdk.unsupported jdk.unsupported.desktop jdk.xml.dom" 

Environment Variables:
JAVA_HOME=C:\Program Files\Java\jdk-21
PATH=C:\Program Files\Common Files\Oracle\Java\javapath;C:\WINDOWS\system32;C:\WINDOWS;C:\WINDOWS\System32\Wbem;C:\WINDOWS\System32\WindowsPowerShell\v1.0\;C:\WINDOWS\System32\OpenSSH\;C:\Program Files\dotnet\;C:\dev\nvm;C:\dev\nvm\nodejs;C:\Program Files\Docker\Docker\resources\bin;C:\Program Files\Git\cmd;C:\Program Files\cursor\resources\app\bin;C:\Users\ceav300725\AppData\Local\Microsoft\WindowsApps;C:\dev\apache-maven-3.9.11\bin;C:\Program Files\JetBrains\IntelliJ IDEA 2025.1.4.1\bin;;C:\Users\ceav300725\AppData\Local\Programs\Kiro\bin;C:\Program Files\Java\jdk-21\bin;
USERNAME=ceav300725
OS=Windows_NT
PROCESSOR_IDENTIFIER=Intel64 Family 6 Model 165 Stepping 5, GenuineIntel
TMP=C:\Users\CEAV30~1\AppData\Local\Temp
TEMP=C:\Users\CEAV30~1\AppData\Local\Temp




Periodic native trim disabled

---------------  S Y S T E M  ---------------

OS:
 Windows 11 , 64 bit Build 26100 (10.0.26100.4768)
OS uptime: 26 days 1:46 hours
Hyper-V role detected

CPU: total 16 (initial active 16) (8 cores per cpu, 2 threads per core) family 6 model 165 stepping 5 microcode 0x100, cx8, cmov, fxsr, ht, mmx, 3dnowpref, sse, sse2, sse3, ssse3, sse4.1, sse4.2, popcnt, lzcnt, tsc, tscinvbit, avx, avx2, aes, erms, clmul, bmi1, bmi2, adx, fma, vzeroupper, clflush, clflushopt, hv, rdtscp, f16c
Processor Information for the first 16 processors :
  Max Mhz: 2904, Current Mhz: 2904, Mhz Limit: 2904

Memory: 4k page, system-wide physical 16128M (948M free)
TotalPageFile size 41027M (AvailPageFile size 8M)
current process WorkingSet (physical memory assigned to process): 729M, peak: 731M
current process commit charge ("private bytes"): 808M, peak: 810M

vm_info: OpenJDK 64-Bit Server VM (21.0.9+10-LTS) for windows-amd64 JRE (21.0.9+10-LTS), built on 2025-10-21T00:00:00Z by "admin" with unknown MS VC++:1942

END.
